// Jest Snapshot v1, https://goo.gl/fbAQLP

exports[`snapshot renders 1`] = `
<div
  className={undefined}
>
  <div
    className={undefined}
  >
    <div
      className={undefined}
    >
      <div>
        Radio
      </div>
    </div>
    <div>
      TextField
    </div>
    <div>
      mui
    </div>
    <div>
      <div
        onClick={[Function]}
      >
        <div>
          IconButton
        </div>
      </div>
    </div>
    <div>
      IconButton
    </div>
  </div>
</div>
`;
